2021/01/03 19:13:42 44967 started at: 19:13:42.17771
